// Jest Snapshot v1, https://goo.gl/fbAQLP

exports[`Compat should write compat records to each api record 1`] = `
Object {
  "apiType": "js-api",
  "astNodeTypes": Array [
    "NewExpression",
  ],
  "compat": Object {
    "mdn_url": "https://developer.mozilla.org/docs/Web/API/AbortController",
    "status": Object {
      "deprecated": false,
      "experimental": true,
      "standard_track": true,
    },
    "support": Object {
      "chrome": Object {
        "version_added": "66",
      },
      "chrome_android": Object {
        "version_added": "66",
      },
      "edge": Object {
        "version_added": "16",
      },
      "firefox": Object {
        "version_added": "57",
      },
      "firefox_android": Object {
        "version_added": "57",
      },
      "ie": Object {
        "version_added": false,
      },
      "opera": Object {
        "version_added": "53",
      },
      "opera_android": Object {
        "version_added": "47",
      },
      "safari": Array [
        Object {
          "version_added": "12.1",
        },
        Object {
          "notes": "Even though <code>window.AbortController</code> is defined, it doesn't really abort <code>fetch</code> requests. See <a href='https://webkit.org/b/174980'>bug 174980</a>.",
          "partial_implementation": true,
          "version_added": "11.1",
        },
      ],
      "safari_ios": Array [
        Object {
          "version_added": "12.2",
        },
        Object {
          "notes": "Even though <code>window.AbortController</code> is defined, it doesn't really abort <code>fetch</code> requests. See <a href='https://webkit.org/b/174980'>bug 174980</a>.",
          "partial_implementation": true,
          "version_added": "11.3",
        },
      ],
      "samsunginternet_android": Object {
        "version_added": "9.0",
      },
      "webview_android": Object {
        "version_added": "66",
      },
    },
  },
  "isStatic": true,
  "protoChain": Array [
    "AbortController",
  ],
  "protoChainId": "AbortController",
  "type": "js-api",
}
`;
